  Determining projects to restore...
  All projects are up-to-date for restore.
C:\Program Files\dotnet\sdk\10.0.100-rc.2.25502.107\Sdks\Microsoft.NET.Sdk\targets\Microsoft.NET.RuntimeIdentifierInference.targets(351,5): message NETSDK1057: You are using a preview version of .NET. See: https://aka.ms/dotnet-support-policy [C:\Work\Research\AI\HANYA.KNOW\backend\HanyaKnow.Api.csproj]
C:\Work\Research\AI\HANYA.KNOW\backend\Services\ProjectAssessmentAnalysisService.cs(848,31): error CS0029: Cannot implicitly convert type 'backend.Services.ProjectAssessmentAnalysisService.ItemDiagnosticsSignals' to 'System.Collections.Generic.List<string>' [C:\Work\Research\AI\HANYA.KNOW\backend\HanyaKnow.Api.csproj]
C:\Work\Research\AI\HANYA.KNOW\backend\Services\ProjectAssessmentAnalysisService.cs(887,35): error CS0029: Cannot implicitly convert type 'backend.Services.ProjectAssessmentAnalysisService.ItemDiagnosticsMultipliers' to 'System.Collections.Generic.List<string>' [C:\Work\Research\AI\HANYA.KNOW\backend\HanyaKnow.Api.csproj]
C:\Work\Research\AI\HANYA.KNOW\backend\Services\ProjectAssessmentAnalysisService.cs(871,44): warning CS8604: Possible null reference argument for parameter 'category' in 'string ProjectAssessmentAnalysisService.DetermineSizeClass(string category, (double xs, double s, double m, double l, double xl) bands, string requested, double justificationScore, (int fields, int integrations, int workflowSteps, bool hasUpload, bool hasAuthRole, bool hasCrudC, bool hasCrudR, bool hasCrudU, bool hasCrudD) signals, double rawComplexity)'. [C:\Work\Research\AI\HANYA.KNOW\backend\HanyaKnow.Api.csproj]
C:\Work\Research\AI\HANYA.KNOW\backend\Services\ProjectAssessmentAnalysisService.cs(1293,28): warning CS8601: Possible null reference assignment. [C:\Work\Research\AI\HANYA.KNOW\backend\HanyaKnow.Api.csproj]
C:\Work\Research\AI\HANYA.KNOW\backend\Services\ProjectAssessmentAnalysisService.cs(1703,32): warning CS8601: Possible null reference assignment. [C:\Work\Research\AI\HANYA.KNOW\backend\HanyaKnow.Api.csproj]
C:\Work\Research\AI\HANYA.KNOW\backend\Services\ProjectAssessmentAnalysisService.cs(1717,32): warning CS8601: Possible null reference assignment. [C:\Work\Research\AI\HANYA.KNOW\backend\HanyaKnow.Api.csproj]
C:\Work\Research\AI\HANYA.KNOW\backend\Services\ProjectAssessmentAnalysisService.cs(1828,32): warning CS8601: Possible null reference assignment. [C:\Work\Research\AI\HANYA.KNOW\backend\HanyaKnow.Api.csproj]
C:\Work\Research\AI\HANYA.KNOW\backend\Services\ProjectAssessmentAnalysisService.cs(2253,32): warning CS8601: Possible null reference assignment. [C:\Work\Research\AI\HANYA.KNOW\backend\HanyaKnow.Api.csproj]
C:\Work\Research\AI\HANYA.KNOW\backend\Services\ProjectAssessmentAnalysisService.cs(2627,36): warning CS8601: Possible null reference assignment. [C:\Work\Research\AI\HANYA.KNOW\backend\HanyaKnow.Api.csproj]

Build FAILED.

C:\Work\Research\AI\HANYA.KNOW\backend\Services\ProjectAssessmentAnalysisService.cs(871,44): warning CS8604: Possible null reference argument for parameter 'category' in 'string ProjectAssessmentAnalysisService.DetermineSizeClass(string category, (double xs, double s, double m, double l, double xl) bands, string requested, double justificationScore, (int fields, int integrations, int workflowSteps, bool hasUpload, bool hasAuthRole, bool hasCrudC, bool hasCrudR, bool hasCrudU, bool hasCrudD) signals, double rawComplexity)'. [C:\Work\Research\AI\HANYA.KNOW\backend\HanyaKnow.Api.csproj]
C:\Work\Research\AI\HANYA.KNOW\backend\Services\ProjectAssessmentAnalysisService.cs(1293,28): warning CS8601: Possible null reference assignment. [C:\Work\Research\AI\HANYA.KNOW\backend\HanyaKnow.Api.csproj]
C:\Work\Research\AI\HANYA.KNOW\backend\Services\ProjectAssessmentAnalysisService.cs(1703,32): warning CS8601: Possible null reference assignment. [C:\Work\Research\AI\HANYA.KNOW\backend\HanyaKnow.Api.csproj]
C:\Work\Research\AI\HANYA.KNOW\backend\Services\ProjectAssessmentAnalysisService.cs(1717,32): warning CS8601: Possible null reference assignment. [C:\Work\Research\AI\HANYA.KNOW\backend\HanyaKnow.Api.csproj]
C:\Work\Research\AI\HANYA.KNOW\backend\Services\ProjectAssessmentAnalysisService.cs(1828,32): warning CS8601: Possible null reference assignment. [C:\Work\Research\AI\HANYA.KNOW\backend\HanyaKnow.Api.csproj]
C:\Work\Research\AI\HANYA.KNOW\backend\Services\ProjectAssessmentAnalysisService.cs(2253,32): warning CS8601: Possible null reference assignment. [C:\Work\Research\AI\HANYA.KNOW\backend\HanyaKnow.Api.csproj]
C:\Work\Research\AI\HANYA.KNOW\backend\Services\ProjectAssessmentAnalysisService.cs(2627,36): warning CS8601: Possible null reference assignment. [C:\Work\Research\AI\HANYA.KNOW\backend\HanyaKnow.Api.csproj]
C:\Work\Research\AI\HANYA.KNOW\backend\Services\ProjectAssessmentAnalysisService.cs(848,31): error CS0029: Cannot implicitly convert type 'backend.Services.ProjectAssessmentAnalysisService.ItemDiagnosticsSignals' to 'System.Collections.Generic.List<string>' [C:\Work\Research\AI\HANYA.KNOW\backend\HanyaKnow.Api.csproj]
C:\Work\Research\AI\HANYA.KNOW\backend\Services\ProjectAssessmentAnalysisService.cs(887,35): error CS0029: Cannot implicitly convert type 'backend.Services.ProjectAssessmentAnalysisService.ItemDiagnosticsMultipliers' to 'System.Collections.Generic.List<string>' [C:\Work\Research\AI\HANYA.KNOW\backend\HanyaKnow.Api.csproj]
    7 Warning(s)
    2 Error(s)

Time Elapsed 00:00:03.54
