  Determining projects to restore...
  All projects are up-to-date for restore.
C:\Program Files\dotnet\sdk\10.0.100-rc.2.25502.107\Sdks\Microsoft.NET.Sdk\targets\Microsoft.NET.RuntimeIdentifierInference.targets(351,5): message NETSDK1057: You are using a preview version of .NET. See: https://aka.ms/dotnet-support-policy [C:\Work\Research\AI\HANYA.KNOW\backend\HanyaKnow.Api.csproj]
C:\Program Files\dotnet\sdk\10.0.100-rc.2.25502.107\Microsoft.Common.CurrentVersion.targets(4903,5): warning MSB3026: Could not copy "obj\Debug\net9.0\HanyaKnow.Api.dll" to "bin\Debug\net9.0\HanyaKnow.Api.dll". Beginning retry 1 in 1000ms. The process cannot access the file 'C:\Work\Research\AI\HANYA.KNOW\backend\bin\Debug\net9.0\HanyaKnow.Api.dll' because it is being used by another process. The file is locked by: ".NET Host (18248)" [C:\Work\Research\AI\HANYA.KNOW\backend\HanyaKnow.Api.csproj]
C:\Program Files\dotnet\sdk\10.0.100-rc.2.25502.107\Microsoft.Common.CurrentVersion.targets(4903,5): warning MSB3026: Could not copy "obj\Debug\net9.0\HanyaKnow.Api.dll" to "bin\Debug\net9.0\HanyaKnow.Api.dll". Beginning retry 2 in 1000ms. The process cannot access the file 'C:\Work\Research\AI\HANYA.KNOW\backend\bin\Debug\net9.0\HanyaKnow.Api.dll' because it is being used by another process. The file is locked by: ".NET Host (18248)" [C:\Work\Research\AI\HANYA.KNOW\backend\HanyaKnow.Api.csproj]
C:\Program Files\dotnet\sdk\10.0.100-rc.2.25502.107\Microsoft.Common.CurrentVersion.targets(4903,5): warning MSB3026: Could not copy "obj\Debug\net9.0\HanyaKnow.Api.dll" to "bin\Debug\net9.0\HanyaKnow.Api.dll". Beginning retry 3 in 1000ms. The process cannot access the file 'C:\Work\Research\AI\HANYA.KNOW\backend\bin\Debug\net9.0\HanyaKnow.Api.dll' because it is being used by another process. The file is locked by: ".NET Host (18248)" [C:\Work\Research\AI\HANYA.KNOW\backend\HanyaKnow.Api.csproj]
C:\Program Files\dotnet\sdk\10.0.100-rc.2.25502.107\Microsoft.Common.CurrentVersion.targets(4903,5): warning MSB3026: Could not copy "obj\Debug\net9.0\HanyaKnow.Api.dll" to "bin\Debug\net9.0\HanyaKnow.Api.dll". Beginning retry 4 in 1000ms. The process cannot access the file 'C:\Work\Research\AI\HANYA.KNOW\backend\bin\Debug\net9.0\HanyaKnow.Api.dll' because it is being used by another process. The file is locked by: ".NET Host (18248)" [C:\Work\Research\AI\HANYA.KNOW\backend\HanyaKnow.Api.csproj]
C:\Program Files\dotnet\sdk\10.0.100-rc.2.25502.107\Microsoft.Common.CurrentVersion.targets(4903,5): warning MSB3026: Could not copy "obj\Debug\net9.0\HanyaKnow.Api.dll" to "bin\Debug\net9.0\HanyaKnow.Api.dll". Beginning retry 5 in 1000ms. The process cannot access the file 'C:\Work\Research\AI\HANYA.KNOW\backend\bin\Debug\net9.0\HanyaKnow.Api.dll' because it is being used by another process. The file is locked by: ".NET Host (18248)" [C:\Work\Research\AI\HANYA.KNOW\backend\HanyaKnow.Api.csproj]
C:\Program Files\dotnet\sdk\10.0.100-rc.2.25502.107\Microsoft.Common.CurrentVersion.targets(4903,5): warning MSB3026: Could not copy "obj\Debug\net9.0\HanyaKnow.Api.dll" to "bin\Debug\net9.0\HanyaKnow.Api.dll". Beginning retry 6 in 1000ms. The process cannot access the file 'C:\Work\Research\AI\HANYA.KNOW\backend\bin\Debug\net9.0\HanyaKnow.Api.dll' because it is being used by another process. The file is locked by: ".NET Host (18248)" [C:\Work\Research\AI\HANYA.KNOW\backend\HanyaKnow.Api.csproj]
C:\Program Files\dotnet\sdk\10.0.100-rc.2.25502.107\Microsoft.Common.CurrentVersion.targets(4903,5): warning MSB3026: Could not copy "obj\Debug\net9.0\HanyaKnow.Api.dll" to "bin\Debug\net9.0\HanyaKnow.Api.dll". Beginning retry 7 in 1000ms. The process cannot access the file 'C:\Work\Research\AI\HANYA.KNOW\backend\bin\Debug\net9.0\HanyaKnow.Api.dll' because it is being used by another process. The file is locked by: ".NET Host (18248)" [C:\Work\Research\AI\HANYA.KNOW\backend\HanyaKnow.Api.csproj]
C:\Program Files\dotnet\sdk\10.0.100-rc.2.25502.107\Microsoft.Common.CurrentVersion.targets(4903,5): warning MSB3026: Could not copy "obj\Debug\net9.0\HanyaKnow.Api.dll" to "bin\Debug\net9.0\HanyaKnow.Api.dll". Beginning retry 8 in 1000ms. The process cannot access the file 'C:\Work\Research\AI\HANYA.KNOW\backend\bin\Debug\net9.0\HanyaKnow.Api.dll' because it is being used by another process. The file is locked by: ".NET Host (18248)" [C:\Work\Research\AI\HANYA.KNOW\backend\HanyaKnow.Api.csproj]
C:\Program Files\dotnet\sdk\10.0.100-rc.2.25502.107\Microsoft.Common.CurrentVersion.targets(4903,5): warning MSB3026: Could not copy "obj\Debug\net9.0\HanyaKnow.Api.dll" to "bin\Debug\net9.0\HanyaKnow.Api.dll". Beginning retry 9 in 1000ms. The process cannot access the file 'C:\Work\Research\AI\HANYA.KNOW\backend\bin\Debug\net9.0\HanyaKnow.Api.dll' because it is being used by another process. The file is locked by: ".NET Host (18248)" [C:\Work\Research\AI\HANYA.KNOW\backend\HanyaKnow.Api.csproj]
C:\Program Files\dotnet\sdk\10.0.100-rc.2.25502.107\Microsoft.Common.CurrentVersion.targets(4903,5): warning MSB3026: Could not copy "obj\Debug\net9.0\HanyaKnow.Api.dll" to "bin\Debug\net9.0\HanyaKnow.Api.dll". Beginning retry 10 in 1000ms. The process cannot access the file 'C:\Work\Research\AI\HANYA.KNOW\backend\bin\Debug\net9.0\HanyaKnow.Api.dll' because it is being used by another process. The file is locked by: ".NET Host (18248)" [C:\Work\Research\AI\HANYA.KNOW\backend\HanyaKnow.Api.csproj]
C:\Program Files\dotnet\sdk\10.0.100-rc.2.25502.107\Microsoft.Common.CurrentVersion.targets(4903,5): error MSB3027: Could not copy "obj\Debug\net9.0\HanyaKnow.Api.dll" to "bin\Debug\net9.0\HanyaKnow.Api.dll". Exceeded retry count of 10. Failed. The file is locked by: ".NET Host (18248)" [C:\Work\Research\AI\HANYA.KNOW\backend\HanyaKnow.Api.csproj]
C:\Program Files\dotnet\sdk\10.0.100-rc.2.25502.107\Microsoft.Common.CurrentVersion.targets(4903,5): error MSB3021: Unable to copy file "obj\Debug\net9.0\HanyaKnow.Api.dll" to "bin\Debug\net9.0\HanyaKnow.Api.dll". The process cannot access the file 'C:\Work\Research\AI\HANYA.KNOW\backend\bin\Debug\net9.0\HanyaKnow.Api.dll' because it is being used by another process. [C:\Work\Research\AI\HANYA.KNOW\backend\HanyaKnow.Api.csproj]

Build FAILED.

C:\Program Files\dotnet\sdk\10.0.100-rc.2.25502.107\Microsoft.Common.CurrentVersion.targets(4903,5): warning MSB3026: Could not copy "obj\Debug\net9.0\HanyaKnow.Api.dll" to "bin\Debug\net9.0\HanyaKnow.Api.dll". Beginning retry 1 in 1000ms. The process cannot access the file 'C:\Work\Research\AI\HANYA.KNOW\backend\bin\Debug\net9.0\HanyaKnow.Api.dll' because it is being used by another process. The file is locked by: ".NET Host (18248)" [C:\Work\Research\AI\HANYA.KNOW\backend\HanyaKnow.Api.csproj]
C:\Program Files\dotnet\sdk\10.0.100-rc.2.25502.107\Microsoft.Common.CurrentVersion.targets(4903,5): warning MSB3026: Could not copy "obj\Debug\net9.0\HanyaKnow.Api.dll" to "bin\Debug\net9.0\HanyaKnow.Api.dll". Beginning retry 2 in 1000ms. The process cannot access the file 'C:\Work\Research\AI\HANYA.KNOW\backend\bin\Debug\net9.0\HanyaKnow.Api.dll' because it is being used by another process. The file is locked by: ".NET Host (18248)" [C:\Work\Research\AI\HANYA.KNOW\backend\HanyaKnow.Api.csproj]
C:\Program Files\dotnet\sdk\10.0.100-rc.2.25502.107\Microsoft.Common.CurrentVersion.targets(4903,5): warning MSB3026: Could not copy "obj\Debug\net9.0\HanyaKnow.Api.dll" to "bin\Debug\net9.0\HanyaKnow.Api.dll". Beginning retry 3 in 1000ms. The process cannot access the file 'C:\Work\Research\AI\HANYA.KNOW\backend\bin\Debug\net9.0\HanyaKnow.Api.dll' because it is being used by another process. The file is locked by: ".NET Host (18248)" [C:\Work\Research\AI\HANYA.KNOW\backend\HanyaKnow.Api.csproj]
C:\Program Files\dotnet\sdk\10.0.100-rc.2.25502.107\Microsoft.Common.CurrentVersion.targets(4903,5): warning MSB3026: Could not copy "obj\Debug\net9.0\HanyaKnow.Api.dll" to "bin\Debug\net9.0\HanyaKnow.Api.dll". Beginning retry 4 in 1000ms. The process cannot access the file 'C:\Work\Research\AI\HANYA.KNOW\backend\bin\Debug\net9.0\HanyaKnow.Api.dll' because it is being used by another process. The file is locked by: ".NET Host (18248)" [C:\Work\Research\AI\HANYA.KNOW\backend\HanyaKnow.Api.csproj]
C:\Program Files\dotnet\sdk\10.0.100-rc.2.25502.107\Microsoft.Common.CurrentVersion.targets(4903,5): warning MSB3026: Could not copy "obj\Debug\net9.0\HanyaKnow.Api.dll" to "bin\Debug\net9.0\HanyaKnow.Api.dll". Beginning retry 5 in 1000ms. The process cannot access the file 'C:\Work\Research\AI\HANYA.KNOW\backend\bin\Debug\net9.0\HanyaKnow.Api.dll' because it is being used by another process. The file is locked by: ".NET Host (18248)" [C:\Work\Research\AI\HANYA.KNOW\backend\HanyaKnow.Api.csproj]
C:\Program Files\dotnet\sdk\10.0.100-rc.2.25502.107\Microsoft.Common.CurrentVersion.targets(4903,5): warning MSB3026: Could not copy "obj\Debug\net9.0\HanyaKnow.Api.dll" to "bin\Debug\net9.0\HanyaKnow.Api.dll". Beginning retry 6 in 1000ms. The process cannot access the file 'C:\Work\Research\AI\HANYA.KNOW\backend\bin\Debug\net9.0\HanyaKnow.Api.dll' because it is being used by another process. The file is locked by: ".NET Host (18248)" [C:\Work\Research\AI\HANYA.KNOW\backend\HanyaKnow.Api.csproj]
C:\Program Files\dotnet\sdk\10.0.100-rc.2.25502.107\Microsoft.Common.CurrentVersion.targets(4903,5): warning MSB3026: Could not copy "obj\Debug\net9.0\HanyaKnow.Api.dll" to "bin\Debug\net9.0\HanyaKnow.Api.dll". Beginning retry 7 in 1000ms. The process cannot access the file 'C:\Work\Research\AI\HANYA.KNOW\backend\bin\Debug\net9.0\HanyaKnow.Api.dll' because it is being used by another process. The file is locked by: ".NET Host (18248)" [C:\Work\Research\AI\HANYA.KNOW\backend\HanyaKnow.Api.csproj]
C:\Program Files\dotnet\sdk\10.0.100-rc.2.25502.107\Microsoft.Common.CurrentVersion.targets(4903,5): warning MSB3026: Could not copy "obj\Debug\net9.0\HanyaKnow.Api.dll" to "bin\Debug\net9.0\HanyaKnow.Api.dll". Beginning retry 8 in 1000ms. The process cannot access the file 'C:\Work\Research\AI\HANYA.KNOW\backend\bin\Debug\net9.0\HanyaKnow.Api.dll' because it is being used by another process. The file is locked by: ".NET Host (18248)" [C:\Work\Research\AI\HANYA.KNOW\backend\HanyaKnow.Api.csproj]
C:\Program Files\dotnet\sdk\10.0.100-rc.2.25502.107\Microsoft.Common.CurrentVersion.targets(4903,5): warning MSB3026: Could not copy "obj\Debug\net9.0\HanyaKnow.Api.dll" to "bin\Debug\net9.0\HanyaKnow.Api.dll". Beginning retry 9 in 1000ms. The process cannot access the file 'C:\Work\Research\AI\HANYA.KNOW\backend\bin\Debug\net9.0\HanyaKnow.Api.dll' because it is being used by another process. The file is locked by: ".NET Host (18248)" [C:\Work\Research\AI\HANYA.KNOW\backend\HanyaKnow.Api.csproj]
C:\Program Files\dotnet\sdk\10.0.100-rc.2.25502.107\Microsoft.Common.CurrentVersion.targets(4903,5): warning MSB3026: Could not copy "obj\Debug\net9.0\HanyaKnow.Api.dll" to "bin\Debug\net9.0\HanyaKnow.Api.dll". Beginning retry 10 in 1000ms. The process cannot access the file 'C:\Work\Research\AI\HANYA.KNOW\backend\bin\Debug\net9.0\HanyaKnow.Api.dll' because it is being used by another process. The file is locked by: ".NET Host (18248)" [C:\Work\Research\AI\HANYA.KNOW\backend\HanyaKnow.Api.csproj]
C:\Program Files\dotnet\sdk\10.0.100-rc.2.25502.107\Microsoft.Common.CurrentVersion.targets(4903,5): error MSB3027: Could not copy "obj\Debug\net9.0\HanyaKnow.Api.dll" to "bin\Debug\net9.0\HanyaKnow.Api.dll". Exceeded retry count of 10. Failed. The file is locked by: ".NET Host (18248)" [C:\Work\Research\AI\HANYA.KNOW\backend\HanyaKnow.Api.csproj]
C:\Program Files\dotnet\sdk\10.0.100-rc.2.25502.107\Microsoft.Common.CurrentVersion.targets(4903,5): error MSB3021: Unable to copy file "obj\Debug\net9.0\HanyaKnow.Api.dll" to "bin\Debug\net9.0\HanyaKnow.Api.dll". The process cannot access the file 'C:\Work\Research\AI\HANYA.KNOW\backend\bin\Debug\net9.0\HanyaKnow.Api.dll' because it is being used by another process. [C:\Work\Research\AI\HANYA.KNOW\backend\HanyaKnow.Api.csproj]
    10 Warning(s)
    2 Error(s)

Time Elapsed 00:00:13.90
